Archive member included to satisfy reference by file (symbol)

c:/program files (x86)/atmel/studio/7.0/toolchain/avr8/avr8-gnu-toolchain/bin/../lib/gcc/avr/5.4.0/../../../../avr/lib/avrxmega6\libm.a(addsf3.o)
                              Tasks/GyroTask.o (__subsf3)
c:/program files (x86)/atmel/studio/7.0/toolchain/avr8/avr8-gnu-toolchain/bin/../lib/gcc/avr/5.4.0/../../../../avr/lib/avrxmega6\libm.a(addsf3x.o)
                              c:/program files (x86)/atmel/studio/7.0/toolchain/avr8/avr8-gnu-toolchain/bin/../lib/gcc/avr/5.4.0/../../../../avr/lib/avrxmega6\libm.a(addsf3.o) (__addsf3x)
c:/program files (x86)/atmel/studio/7.0/toolchain/avr8/avr8-gnu-toolchain/bin/../lib/gcc/avr/5.4.0/../../../../avr/lib/avrxmega6\libm.a(cmpsf2.o)
                              Tasks/LineFollowerDirectTask.o (__ltsf2)
c:/program files (x86)/atmel/studio/7.0/toolchain/avr8/avr8-gnu-toolchain/bin/../lib/gcc/avr/5.4.0/../../../../avr/lib/avrxmega6\libm.a(divsf3.o)
                              Tasks/GyroTask.o (__divsf3)
c:/program files (x86)/atmel/studio/7.0/toolchain/avr8/avr8-gnu-toolchain/bin/../lib/gcc/avr/5.4.0/../../../../avr/lib/avrxmega6\libm.a(divsf3x.o)
                              c:/program files (x86)/atmel/studio/7.0/toolchain/avr8/avr8-gnu-toolchain/bin/../lib/gcc/avr/5.4.0/../../../../avr/lib/avrxmega6\libm.a(divsf3.o) (__divsf3x)
c:/program files (x86)/atmel/studio/7.0/toolchain/avr8/avr8-gnu-toolchain/bin/../lib/gcc/avr/5.4.0/../../../../avr/lib/avrxmega6\libm.a(fixsfsi.o)
                              Tasks/LineFollowerDirectTask.o (__fixsfsi)
c:/program files (x86)/atmel/studio/7.0/toolchain/avr8/avr8-gnu-toolchain/bin/../lib/gcc/avr/5.4.0/../../../../avr/lib/avrxmega6\libm.a(fixunssfsi.o)
                              c:/program files (x86)/atmel/studio/7.0/toolchain/avr8/avr8-gnu-toolchain/bin/../lib/gcc/avr/5.4.0/../../../../avr/lib/avrxmega6\libm.a(fixsfsi.o) (__fixunssfsi)
c:/program files (x86)/atmel/studio/7.0/toolchain/avr8/avr8-gnu-toolchain/bin/../lib/gcc/avr/5.4.0/../../../../avr/lib/avrxmega6\libm.a(floatsisf.o)
                              Tasks/OledMenuTask.o (__floatunsisf)
c:/program files (x86)/atmel/studio/7.0/toolchain/avr8/avr8-gnu-toolchain/bin/../lib/gcc/avr/5.4.0/../../../../avr/lib/avrxmega6\libm.a(fp_cmp.o)
                              c:/program files (x86)/atmel/studio/7.0/toolchain/avr8/avr8-gnu-toolchain/bin/../lib/gcc/avr/5.4.0/../../../../avr/lib/avrxmega6\libm.a(cmpsf2.o) (__fp_cmp)
c:/program files (x86)/atmel/studio/7.0/toolchain/avr8/avr8-gnu-toolchain/bin/../lib/gcc/avr/5.4.0/../../../../avr/lib/avrxmega6\libm.a(fp_inf.o)
                              c:/program files (x86)/atmel/studio/7.0/toolchain/avr8/avr8-gnu-toolchain/bin/../lib/gcc/avr/5.4.0/../../../../avr/lib/avrxmega6\libm.a(addsf3x.o) (__fp_inf)
c:/program files (x86)/atmel/studio/7.0/toolchain/avr8/avr8-gnu-toolchain/bin/../lib/gcc/avr/5.4.0/../../../../avr/lib/avrxmega6\libm.a(fp_nan.o)
                              c:/program files (x86)/atmel/studio/7.0/toolchain/avr8/avr8-gnu-toolchain/bin/../lib/gcc/avr/5.4.0/../../../../avr/lib/avrxmega6\libm.a(addsf3x.o) (__fp_nan)
c:/program files (x86)/atmel/studio/7.0/toolchain/avr8/avr8-gnu-toolchain/bin/../lib/gcc/avr/5.4.0/../../../../avr/lib/avrxmega6\libm.a(fp_pscA.o)
                              c:/program files (x86)/atmel/studio/7.0/toolchain/avr8/avr8-gnu-toolchain/bin/../lib/gcc/avr/5.4.0/../../../../avr/lib/avrxmega6\libm.a(addsf3x.o) (__fp_pscA)
c:/program files (x86)/atmel/studio/7.0/toolchain/avr8/avr8-gnu-toolchain/bin/../lib/gcc/avr/5.4.0/../../../../avr/lib/avrxmega6\libm.a(fp_pscB.o)
                              c:/program files (x86)/atmel/studio/7.0/toolchain/avr8/avr8-gnu-toolchain/bin/../lib/gcc/avr/5.4.0/../../../../avr/lib/avrxmega6\libm.a(addsf3x.o) (__fp_pscB)
c:/program files (x86)/atmel/studio/7.0/toolchain/avr8/avr8-gnu-toolchain/bin/../lib/gcc/avr/5.4.0/../../../../avr/lib/avrxmega6\libm.a(fp_round.o)
                              c:/program files (x86)/atmel/studio/7.0/toolchain/avr8/avr8-gnu-toolchain/bin/../lib/gcc/avr/5.4.0/../../../../avr/lib/avrxmega6\libm.a(addsf3.o) (__fp_round)
c:/program files (x86)/atmel/studio/7.0/toolchain/avr8/avr8-gnu-toolchain/bin/../lib/gcc/avr/5.4.0/../../../../avr/lib/avrxmega6\libm.a(fp_split3.o)
                              c:/program files (x86)/atmel/studio/7.0/toolchain/avr8/avr8-gnu-toolchain/bin/../lib/gcc/avr/5.4.0/../../../../avr/lib/avrxmega6\libm.a(addsf3x.o) (__fp_split3)
c:/program files (x86)/atmel/studio/7.0/toolchain/avr8/avr8-gnu-toolchain/bin/../lib/gcc/avr/5.4.0/../../../../avr/lib/avrxmega6\libm.a(fp_zero.o)
                              c:/program files (x86)/atmel/studio/7.0/toolchain/avr8/avr8-gnu-toolchain/bin/../lib/gcc/avr/5.4.0/../../../../avr/lib/avrxmega6\libm.a(addsf3x.o) (__fp_zero)
[...]
Memory Configuration

Name             Origin             Length             Attributes
text             0x00000000         0x00100000         xr
data             0x00802000         0x0000ffa0         rw !x
eeprom           0x00810000         0x00010000         rw !x
fuse             0x00820000         0x00000006         rw !x
lock             0x00830000         0x00000400         rw !x
signature        0x00840000         0x00000400         rw !x
user_signatures  0x00850000         0x00000400         rw !x
*default*        0x00000000         0xffffffff

Linker script and memory map

LOAD C:/Program Files (x86)/Atmel/Studio/7.0/Packs/atmel/XMEGAC_DFP/1.1.50/gcc/dev/atxmega384c3/avrxmega6/crtatxmega384c3.o
LOAD Drivers/DriverAdc.o
LOAD Drivers/DriverAdps9960.o
LOAD Drivers/DriverCursorstick.o
LOAD Drivers/DriverDbgUSART.o
LOAD Drivers/DriverLed.o
LOAD Drivers/DriverMotor.o
LOAD Drivers/DriverMPU6050.o
LOAD Drivers/DriverOled.o
LOAD Drivers/Driverpl9823USART.o
LOAD Drivers/DriverPower.o
LOAD Drivers/DriverSysClk.o
LOAD Drivers/DriverTWIMaster.o
LOAD Drivers/DriverUSART.o
LOAD Drivers/DriverVL53L0x.o
LOAD FreeRTOS/heap_2.o
LOAD FreeRTOS/list.o
LOAD FreeRTOS/port.o
LOAD FreeRTOS/queue.o
LOAD FreeRTOS/tasks.o
LOAD FreeRTOS/timers.o
LOAD hooks.o
LOAD main.o
LOAD memmap.o
LOAD Tasks/ADCTask.o
LOAD Tasks/GyroTask.o
LOAD Tasks/LineFollowerDirectTask.o
LOAD Tasks/LineFollowerSpeedTask.o
LOAD Tasks/MotionTaskV.o
LOAD Tasks/MotorPosTask.o
LOAD Tasks/MotorSpeedTask.o
LOAD Tasks/OledMenuTask.o
LOAD Tasks/PowerManagement.o
LOAD Tasks/RGBTask.o
LOAD Tasks/StartupTask.o
LOAD Tasks/TerminalTask.o
LOAD trace.o
START GROUP
LOAD c:/program files (x86)/atmel/studio/7.0/toolchain/avr8/avr8-gnu-toolchain/bin/../lib/gcc/avr/5.4.0/../../../../avr/lib/avrxmega6\libm.a
END GROUP
LOAD c:/program files (x86)/atmel/studio/7.0/toolchain/avr8/avr8-gnu-toolchain/bin/../lib/gcc/avr/5.4.0/../../../../avr/lib/avrxmega6\libprintf_flt.a
START GROUP
LOAD c:/program files (x86)/atmel/studio/7.0/toolchain/avr8/avr8-gnu-toolchain/bin/../lib/gcc/avr/5.4.0/avrxmega6\libgcc.a
LOAD c:/program files (x86)/atmel/studio/7.0/toolchain/avr8/avr8-gnu-toolchain/bin/../lib/gcc/avr/5.4.0/../../../../avr/lib/avrxmega6\libm.a
LOAD c:/program files (x86)/atmel/studio/7.0/toolchain/avr8/avr8-gnu-toolchain/bin/../lib/gcc/avr/5.4.0/../../../../avr/lib/avrxmega6\libc.a
LOAD C:/Program Files (x86)/Atmel/Studio/7.0/Packs/atmel/XMEGAC_DFP/1.1.50/gcc/dev/atxmega384c3/avrxmega6\libatxmega384c3.a
END GROUP
                0x00000000                __TEXT_REGION_ORIGIN__ = DEFINED (__TEXT_REGION_ORIGIN__)?__TEXT_REGION_ORIGIN__:0x0
                0x00802000                __DATA_REGION_ORIGIN__ = DEFINED (__DATA_REGION_ORIGIN__)?__DATA_REGION_ORIGIN__:0x802000
                0x00100000                __TEXT_REGION_LENGTH__ = DEFINED (__TEXT_REGION_LENGTH__)?__TEXT_REGION_LENGTH__:0x100000
                0x0000ffa0                __DATA_REGION_LENGTH__ = DEFINED (__DATA_REGION_LENGTH__)?__DATA_REGION_LENGTH__:0xffa0
                0x00010000                __EEPROM_REGION_LENGTH__ = DEFINED (__EEPROM_REGION_LENGTH__)?__EEPROM_REGION_LENGTH__:0x10000
                [0x00000006]                __FUSE_REGION_LENGTH__ = DEFINED (__FUSE_REGION_LENGTH__)?__FUSE_REGION_LENGTH__:0x400
                0x00000400                __LOCK_REGION_LENGTH__ = DEFINED (__LOCK_REGION_LENGTH__)?__LOCK_REGION_LENGTH__:0x400
                0x00000400                __SIGNATURE_REGION_LENGTH__ = DEFINED (__SIGNATURE_REGION_LENGTH__)?__SIGNATURE_REGION_LENGTH__:0x400
                0x00000400                __USER_SIGNATURE_REGION_LENGTH__ = DEFINED (__USER_SIGNATURE_REGION_LENGTH__)?__USER_SIGNATURE_REGION_LENGTH__:0x400

.hash
 *(.hash)

.dynsym
 *(.dynsym)

.dynstr
 *(.dynstr)

.gnu.version
 *(.gnu.version)

.gnu.version_d
 *(.gnu.version_d)

.gnu.version_r
 *(.gnu.version_r)

.rel.init
 *(.rel.init)

.rela.init
 *(.rela.init)

.rel.text
 *(.rel.text)
 *(.rel.text.*)
 *(.rel.gnu.linkonce.t*)

.rela.text
 *(.rela.text)
 *(.rela.text.*)
 *(.rela.gnu.linkonce.t*)

.rel.fini
 *(.rel.fini)

.rela.fini
 *(.rela.fini)

.rel.rodata
 *(.rel.rodata)
 *(.rel.rodata.*)
 *(.rel.gnu.linkonce.r*)

.rela.rodata
 *(.rela.rodata)
 *(.rela.rodata.*)
 *(.rela.gnu.linkonce.r*)

.rel.data
 *(.rel.data)
 *(.rel.data.*)
 *(.rel.gnu.linkonce.d*)

.rela.data
 *(.rela.data)
 *(.rela.data.*)
 *(.rela.gnu.linkonce.d*)

.rel.ctors
 *(.rel.ctors)

.rela.ctors
 *(.rela.ctors)

.rel.dtors
 *(.rel.dtors)

.rela.dtors
 *(.rela.dtors)

.rel.got
 *(.rel.got)

.rela.got
 *(.rela.got)

.rel.bss
 *(.rel.bss)

.rela.bss
 *(.rela.bss)

.rel.plt
 *(.rel.plt)

.rela.plt
 *(.rela.plt)

.text           0x00000000     0x72b4
 *(.vectors)
 .vectors       0x00000000      0x1fc C:/Program Files (x86)/Atmel/Studio/7.0/Packs/atmel/XMEGAC_DFP/1.1.50/gcc/dev/atxmega384c3/avrxmega6/crtatxmega384c3.o
                0x00000000                __vector_default
                0x00000000                __vectors
 *(.vectors)
 *(.progmem.gcc*)
                0x000001fc                . = ALIGN (0x2)
                0x000001fc                __trampolines_start = .
 *(.trampolines)
 .trampolines   0x000001fc       0x24 linker stubs
 *(.trampolines*)
                0x00000220                __trampolines_end = .
 *libprintf_flt.a:*(.progmem.data)
 .progmem.data  0x00000220        0x8 c:/program files (x86)/atmel/studio/7.0/toolchain/avr8/avr8-gnu-toolchain/bin/../lib/gcc/avr/5.4.0/../../../../avr/lib/avrxmega6\libprintf_flt.a(vfprintf_flt.o)
 *libc.a:*(.progmem.data)
 .progmem.data  0x00000228       0xfa c:/program files (x86)/atmel/studio/7.0/toolchain/avr8/avr8-gnu-toolchain/bin/../lib/gcc/avr/5.4.0/../../../../avr/lib/avrxmega6\libc.a(ftoa_engine.o)
 .progmem.data  0x00000322       0x3b c:/program files (x86)/atmel/studio/7.0/toolchain/avr8/avr8-gnu-toolchain/bin/../lib/gcc/avr/5.4.0/../../../../avr/lib/avrxmega6\libc.a(strtod.o)
 *(.progmem*)
 .progmem.data.__c.4845
                0x0000035d       0x5f Tasks/TerminalTask.o
 .progmem.data.__c.4843
                0x000003bc       0x56 Tasks/TerminalTask.o
                0x00000412                . = ALIGN (0x2)
 *(.jumptables)
 *(.jumptables*)
 *(.lowtext)
 *(.lowtext*)
                0x00000412                __ctors_start = .
 *(.ctors)
                0x00000412                __ctors_end = .
                0x00000412                __dtors_start = .
 *(.dtors)
                0x00000412                __dtors_end = .
 SORT(*)(.ctors)
 SORT(*)(.dtors)
 *(.init0)
 .init0         0x00000412        0x0 C:/Program Files (x86)/Atmel/Studio/7.0/Packs/atmel/XMEGAC_DFP/1.1.50/gcc/dev/atxmega384c3/avrxmega6/crtatxmega384c3.o
                0x00000412                __init
 *(.init0)
 *(.init1)
 *(.init1)
 *(.init2)
 .init2         0x00000412       0x10 C:/Program Files (x86)/Atmel/Studio/7.0/Packs/atmel/XMEGAC_DFP/1.1.50/gcc/dev/atxmega384c3/avrxmega6/crtatxmega384c3.o
 *(.init2)
 *(.init3)
 *(.init3)
 *(.init4)
 .init4         0x00000422       0x1a c:/program files (x86)/atmel/studio/7.0/toolchain/avr8/avr8-gnu-toolchain/bin/../lib/gcc/avr/5.4.0/avrxmega6\libgcc.a(_copy_data.o)
                0x00000422                __do_copy_data
 .init4         0x0000043c       0x10 c:/program files (x86)/atmel/studio/7.0/toolchain/avr8/avr8-gnu-toolchain/bin/../lib/gcc/avr/5.4.0/avrxmega6\libgcc.a(_clear_bss.o)
                0x0000043c                __do_clear_bss
 *(.init4)
 *(.init5)
 *(.init5)
 *(.init6)
 *(.init6)
 *(.init7)
 *(.init7)
 *(.init8)
 *(.init8)
 *(.init9)
 .init9         0x0000044c        0x8 C:/Program Files (x86)/Atmel/Studio/7.0/Packs/atmel/XMEGAC_DFP/1.1.50/gcc/dev/atxmega384c3/avrxmega6/crtatxmega384c3.o
 *(.init9)
 *(.text)
 .text          0x00000454        0x4 C:/Program Files (x86)/Atmel/Studio/7.0/Packs/atmel/XMEGAC_DFP/1.1.50/gcc/dev/atxmega384c3/avrxmega6/crtatxmega384c3.o
                0x00000454                __vector_38
                0x00000454                __vector_104
                0x00000454                __vector_22
                0x00000454                __vector_63
                0x00000454                __vector_28
                0x00000454                __vector_67
                0x00000454                __vector_1
                0x00000454                __vector_119
                0x00000454                __vector_32
                0x00000454                __vector_75
                0x00000454                __vector_91
                0x00000454                __vector_62
                0x00000454                __vector_77
                0x00000454                __vector_102
                0x00000454                __vector_24
                0x00000454                __vector_12
                0x00000454                __vector_55
                0x00000454                __vector_69
                0x00000454                __vector_81
                0x00000454                __vector_90
                0x00000454                __bad_interrupt
                0x00000454                __vector_122
                0x00000454                __vector_72
                0x00000454                __vector_114
                0x00000454                __vector_6
                0x00000454                __vector_110
                0x00000454                __vector_31
                0x00000454                __vector_92
                0x00000454                __vector_35
                0x00000454                __vector_78
                0x00000454                __vector_74
                0x00000454                __vector_117
                0x00000454                __vector_39
                0x00000454                __vector_107
                0x00000454                __vector_105
                0x00000454                __vector_98
                0x00000454                __vector_23
                0x00000454                __vector_68
                0x00000454                __vector_30
                0x00000454                __vector_73
                0x00000454                __vector_45
                0x00000454                __vector_25
                0x00000454                __vector_93
                0x00000454                __vector_61
                0x00000454                __vector_11
                0x00000454                __vector_54
                0x00000454                __vector_99
                0x00000454                __vector_13
                0x00000454                __vector_17
                0x00000454                __vector_19
                0x00000454                __vector_56
                0x00000454                __vector_7
                0x00000454                __vector_125
                0x00000454                __vector_49
                0x00000454                __vector_123
                0x00000454                __vector_41
                0x00000454                __vector_86
                0x00000454                __vector_100
                0x00000454                __vector_101
                0x00000454                __vector_64
                0x00000454                __vector_88
                0x00000454                __vector_109
                0x00000454                __vector_27
                0x00000454                __vector_5
                0x00000454                __vector_113
                0x00000454                __vector_33
                0x00000454                __vector_76
                0x00000454                __vector_115
                0x00000454                __vector_47
                0x00000454                __vector_52
                0x00000454                __vector_37
                0x00000454                __vector_95
                0x00000454                __vector_103
                0x00000454                __vector_96
                0x00000454                __vector_89
                0x00000454                __vector_108
                0x00000454                __vector_4
                0x00000454                __vector_82
                0x00000454                __vector_106
                0x00000454                __vector_118
                0x00000454                __vector_51
                0x00000454                __vector_9
                0x00000454                __vector_21
                0x00000454                __vector_15
                0x00000454                __vector_66
                0x00000454                __vector_36
                0x00000454                __vector_79
                0x00000454                __vector_70
                0x00000454                __vector_83
                0x00000454                __vector_29
                0x00000454                __vector_121
                0x00000454                __vector_40
                0x00000454                __vector_85
                0x00000454                __vector_94
                0x00000454                __vector_126
                0x00000454                __vector_8
                0x00000454                __vector_26
                0x00000454                __vector_48
                0x00000454                __vector_124
                0x00000454                __vector_116
                0x00000454                __vector_112
                0x00000454                __vector_111
                0x00000454                __vector_80
                0x00000454                __vector_84
                0x00000454                __vector_57
                0x00000454                __vector_53
                0x00000454                __vector_10
                0x00000454                __vector_50
                0x00000454                __vector_59
                0x00000454                __vector_18
                0x00000454                __vector_97
                0x00000454                __vector_20
                0x00000454                __vector_42
                0x00000454                __vector_87
                0x00000454                __vector_65
                0x00000454                __vector_120
                0x00000458                . = ALIGN (0x2)
 *(.text.*)
 .text.DriverAdcInit
                0x00000458       0x4e Drivers/DriverAdc.o
                0x00000458                DriverAdcInit
 .text.__vector_71
                0x000004a6       0x78 Drivers/DriverAdc.o
                0x000004a6                __vector_71
 .text.DriverCursorstickInit
                0x0000051e       0x2e Drivers/DriverCursorstick.o
                0x0000051e                DriverCursorstickInit
 .text.DriverCursorstickGet
                0x0000054c       0x34 Drivers/DriverCursorstick.o
                0x0000054c                DriverCursorstickGet
 .text.__vector_34
                0x00000580      0x126 Drivers/DriverCursorstick.o
                0x00000580                __vector_34
 .text.DbgPrint
                0x000006a6       0x3e Drivers/DriverDbgUSART.o
                0x000006a6                DbgPrint
 .text.DbgPrintn
                0x000006e4       0x4a Drivers/DriverDbgUSART.o
                0x000006e4                DbgPrintn
 .text.DbgPrintInt
                0x0000072e       0xbc Drivers/DriverDbgUSART.o
                0x0000072e                DbgPrintInt
 .text.DriverMotorInit
                0x000007ea       0x62 Drivers/DriverMotor.o
                0x000007ea                DriverMotorInit
 .text.DriverMotorSet
                0x0000084c       0xd6 Drivers/DriverMotor.o
                0x0000084c                DriverMotorSet
 .text.DriverMotorGetEncoder
                0x00000922       0x20 Drivers/DriverMotor.o
                0x00000922                DriverMotorGetEncoder
 .text.__vector_2
                0x00000942      0x10e Drivers/DriverMotor.o
                0x00000942                __vector_2
 .text.__vector_3
                0x00000a50      0x10e Drivers/DriverMotor.o
                0x00000a50                __vector_3
 .text.__vector_43
                0x00000b5e      0x10e Drivers/DriverMotor.o
                0x00000b5e                __vector_43
 .text.__vector_44
                0x00000c6c      0x130 Drivers/DriverMotor.o
                0x00000c6c                __vector_44
 .text.DriverMotorResetEncoder
                0x00000d9c       0x1c Drivers/DriverMotor.o
                0x00000d9c                DriverMotorResetEncoder
 .text.set_page_address.part.0
                0x00000db8       0x56 Drivers/DriverOled.o
 .text.set_column_address.part.1
                0x00000e0e       0x56 Drivers/DriverOled.o
 .text.DriverOLEDUpdate
                0x00000e64       0x96 Drivers/DriverOled.o
                0x00000e64                DriverOLEDUpdate
 .text.DriverOLEDSleep
                0x00000efa       0x34 Drivers/DriverOled.o
                0x00000efa                DriverOLEDSleep
 .text.DriverOLEDInit
                0x00000f2e      0x1ca Drivers/DriverOled.o
                0x00000f2e                DriverOLEDInit
 .text.ShiftInBit
                0x000010f8       0x9e Drivers/Driverpl9823USART.o
                0x000010f8                ShiftInBit
 .text.ShiftIn0
                0x00001196       0x1e Drivers/Driverpl9823USART.o
                0x00001196                ShiftIn0
 .text.ShiftIn1
                0x000011b4       0x1e Drivers/Driverpl9823USART.o
                0x000011b4                ShiftIn1
 .text.ShiftInByte
                0x000011d2       0x28 Drivers/Driverpl9823USART.o
                0x000011d2                ShiftInByte
 .text.DriverPL9823Init
                0x000011fa        0xc Drivers/Driverpl9823USART.o
                0x000011fa                DriverPL9823Init
 .text.DriverPL9823Set
                0x00001206      0x12a Drivers/Driverpl9823USART.o
                0x00001206                DriverPL9823Set
 .text.DriverPowerInit
                0x00001330        0x8 Drivers/DriverPower.o
                0x00001330                DriverPowerInit
 .text.DriverPowerVccAuxSet
                0x00001338       0x14 Drivers/DriverPower.o
                0x00001338                DriverPowerVccAuxSet
 .text.DriverSysClkXtalInit
                0x0000134c       0x36 Drivers/DriverSysClk.o
                0x0000134c                DriverSysClkXtalInit
 .text.DriverTWIMInit
                0x00001382       0x3e Drivers/DriverTWIMaster.o
                0x00001382                DriverTWIMInit
 .text.TWIMWriteRead
                0x000013c0      0x11e Drivers/DriverTWIMaster.o
                0x000013c0                TWIMWriteRead
 .text.TWIMWrite
                0x000014de       0x10 Drivers/DriverTWIMaster.o
                0x000014de                TWIMWrite
 .text.TWIMWriteHandler
                0x000014ee       0x72 Drivers/DriverTWIMaster.o
                0x000014ee                TWIMWriteHandler
 .text.TWIMReadHandler
                0x00001560       0x6a Drivers/DriverTWIMaster.o
                0x00001560                TWIMReadHandler
 .text.__vector_46
                0x000015ca       0xd4 Drivers/DriverTWIMaster.o
                0x000015ca                __vector_46
 .text.stdio_getchar
                0x0000169e       0x2c Drivers/DriverUSART.o
 .text.stdio_putchar
                0x000016ca       0x58 Drivers/DriverUSART.o
 .text.DriverUSARTInit
                0x00001722       0x5a Drivers/DriverUSART.o
                0x00001722                DriverUSARTInit
 .text.__vector_60
                0x0000177c       0x8e Drivers/DriverUSART.o
                0x0000177c                __vector_60
 .text.__vector_58
                0x0000180a       0x8a Drivers/DriverUSART.o
                0x0000180a                __vector_58
 .text.getSequenceStepEnables
                0x00001894       0x68 Drivers/DriverVL53L0x.o
 .text.performSingleRefCalibration
                0x000018fc       0xaa Drivers/DriverVL53L0x.o
 .text.readReg16Bit
                0x000019a6       0x58 Drivers/DriverVL53L0x.o
                0x000019a6                readReg16Bit
 .text.getSequenceStepTimeouts.isra.1
                0x000019fe      0x1ee Drivers/DriverVL53L0x.o
 .text.setMeasurementTimingBudget.part.4
                0x00001bec      0x20e Drivers/DriverVL53L0x.o
 .text.DriverVL53L0XInit
                0x00001dfa      0xca2 Drivers/DriverVL53L0x.o
                0x00001dfa                DriverVL53L0XInit
 .text.pvPortMalloc
                0x00002a9c      0x13e FreeRTOS/heap_2.o
                0x00002a9c                pvPortMalloc
 .text.vPortFree
                0x00002bda       0x56 FreeRTOS/heap_2.o
                0x00002bda                vPortFree
 .text.vListInitialise
                0x00002c30       0x1c FreeRTOS/list.o
                0x00002c30                vListInitialise
 .text.vListInitialiseItem
                0x00002c4c        0x8 FreeRTOS/list.o
                0x00002c4c                vListInitialiseItem
 .text.vListInsertEnd
                0x00002c54       0x42 FreeRTOS/list.o
                0x00002c54                vListInsertEnd
 .text.vListInsert
                0x00002c96       0x62 FreeRTOS/list.o
                0x00002c96                vListInsert
 .text.uxListRemove
                0x00002cf8       0x4c FreeRTOS/list.o
                0x00002cf8                uxListRemove
 .text.pxPortInitialiseStack
                0x00002d44       0xdc FreeRTOS/port.o
                0x00002d44                pxPortInitialiseStack
 .text.xPortStartScheduler
                0x00002e20       0x7a FreeRTOS/port.o
                0x00002e20                xPortStartScheduler
 .text.vPortYield
                0x00002e9a       0xb2 FreeRTOS/port.o
                0x00002e9a                vPortYield
 .text.vPortYieldISR
                0x00002f4c       0x48 FreeRTOS/port.o
                0x00002f4c                vPortYieldISR
 .text.__vector_14
                0x00002f94       0xe6 FreeRTOS/port.o
                0x00002f94                __vector_14
 .text.vConfigureTimerForRunTimeStats
                0x0000307a        0x2 FreeRTOS/port.o
                0x0000307a                vConfigureTimerForRunTimeStats
 .text.__vector_16
                0x0000307c       0xbe FreeRTOS/port.o
                0x0000307c                __vector_16
 .text.prvCopyDataToQueue
                0x0000313a       0xb4 FreeRTOS/queue.o
 .text.prvCopyDataFromQueue
                0x000031ee       0x30 FreeRTOS/queue.o
 .text.prvUnlockQueue
                0x0000321e       0xa6 FreeRTOS/queue.o
 .text.xQueueGenericReset
                0x000032c4       0x9a FreeRTOS/queue.o
                0x000032c4                xQueueGenericReset
 .text.xQueueGenericCreate
                0x0000335e       0x88 FreeRTOS/queue.o
                0x0000335e                xQueueGenericCreate
 .text.xQueueGenericSend
                0x000033e6      0x19e FreeRTOS/queue.o
                0x000033e6                xQueueGenericSend
 .text.xQueueCreateMutex
                0x00003584       0x34 FreeRTOS/queue.o
                0x00003584                xQueueCreateMutex
 .text.xQueueGenericSendFromISR
                0x000035b8       0xb6 FreeRTOS/queue.o
                0x000035b8                xQueueGenericSendFromISR
 .text.xQueueGiveFromISR
                0x0000366e       0xa6 FreeRTOS/queue.o
                0x0000366e                xQueueGiveFromISR
 .text.xQueueReceive
                0x00003714      0x17a FreeRTOS/queue.o
                0x00003714                xQueueReceive
 .text.xQueueSemaphoreTake
                0x0000388e      0x1f4 FreeRTOS/queue.o
                0x0000388e                xQueueSemaphoreTake
 .text.xQueuePeek
                0x00003a82      0x17a FreeRTOS/queue.o
                0x00003a82                xQueuePeek
 .text.xQueueReceiveFromISR
                0x00003bfc       0x96 FreeRTOS/queue.o
                0x00003bfc                xQueueReceiveFromISR
 .text.uxQueueMessagesWaiting
                0x00003c92       0x2a FreeRTOS/queue.o
                0x00003c92                uxQueueMessagesWaiting
 .text.prvIdleTask
                0x00003cbc       0x5c FreeRTOS/tasks.o
 .text.prvResetNextTaskUnblockTime.part.0
                0x00003d18       0x22 FreeRTOS/tasks.o
 .text.prvTaskIsTaskSuspended
                0x00003d3a       0x3e FreeRTOS/tasks.o
 .text.prvAddCurrentTaskToDelayedList
                0x00003d78       0xb8 FreeRTOS/tasks.o
 .text.vTaskSwitchContext.part.5
                0x00003e30      0x184 FreeRTOS/tasks.o
 .text.xTaskCreate
                0x00003fb4      0x26c FreeRTOS/tasks.o
                0x00003fb4                xTaskCreate
 .text.vTaskSuspend
                0x00004220       0xfa FreeRTOS/tasks.o
                0x00004220                vTaskSuspend
 .text.vTaskResume
                0x0000431a       0xa0 FreeRTOS/tasks.o
                0x0000431a                vTaskResume
 .text.vTaskStartScheduler
                0x000043ba       0x6e FreeRTOS/tasks.o
                0x000043ba                vTaskStartScheduler
 .text.vTaskSuspendAll
                0x00004428        0xc FreeRTOS/tasks.o
                0x00004428                vTaskSuspendAll
 .text.xTaskGetTickCount
                0x00004434       0x14 FreeRTOS/tasks.o
                0x00004434                xTaskGetTickCount
 .text.xTaskIncrementTick
                0x00004448      0x1b4 FreeRTOS/tasks.o
                0x00004448                xTaskIncrementTick
 .text.xTaskResumeAll
                0x000045fc      0x11e FreeRTOS/tasks.o
                0x000045fc                xTaskResumeAll
 .text.vTaskDelayUntil
                0x0000471a       0xac FreeRTOS/tasks.o
                0x0000471a                vTaskDelayUntil
 .text.vTaskDelay
                0x000047c6       0x4a FreeRTOS/tasks.o
                0x000047c6                vTaskDelay
 .text.vTaskSwitchContext
                0x00004810       0x14 FreeRTOS/tasks.o
                0x00004810                vTaskSwitchContext
 .text.vTaskPlaceOnEventList
                0x00004824       0x40 FreeRTOS/tasks.o
                0x00004824                vTaskPlaceOnEventList
 .text.xTaskRemoveFromEventList
                0x00004864       0xae FreeRTOS/tasks.o
                0x00004864                xTaskRemoveFromEventList
 .text.vTaskInternalSetTimeOutState
                0x00004912       0x16 FreeRTOS/tasks.o
                0x00004912                vTaskInternalSetTimeOutState
 .text.xTaskCheckForTimeOut
                0x00004928       0xae FreeRTOS/tasks.o
                0x00004928                xTaskCheckForTimeOut
 .text.vTaskMissedYield
                0x000049d6        0x8 FreeRTOS/tasks.o
                0x000049d6                vTaskMissedYield
 .text.xTaskPriorityInherit
                0x000049de       0xe6 FreeRTOS/tasks.o
                0x000049de                xTaskPriorityInherit
 .text.xTaskPriorityDisinherit
                0x00004ac4       0xae FreeRTOS/tasks.o
                0x00004ac4                xTaskPriorityDisinherit
 .text.vTaskPriorityDisinheritAfterTimeout
                0x00004b72       0xde FreeRTOS/tasks.o
                0x00004b72                vTaskPriorityDisinheritAfterTimeout
 .text.pvTaskIncrementMutexHeldCount
                0x00004c50       0x24 FreeRTOS/tasks.o
                0x00004c50                pvTaskIncrementMutexHeldCount
 .text.vApplicationIdleHook
                0x00004c74        0x2 hooks.o
                0x00004c74                vApplicationIdleHook
 .text.vApplicationMallocFailedHook
                0x00004c76       0x3e hooks.o
                0x00004c76                vApplicationMallocFailedHook
 .text.vApplicationStackOverflowHook
                0x00004cb4       0x54 hooks.o
                0x00004cb4                vApplicationStackOverflowHook
 .text.vAssertCalled
                0x00004d08       0x64 hooks.o
                0x00004d08                vAssertCalled
 .text.startup.main
                0x00004d6c       0x30 main.o
                0x00004d6c                main
 .text.GetADCData
                0x00004d9c       0x52 Tasks/ADCTask.o
                0x00004d9c                GetADCData
 .text.StartLineFollower
                0x00004dee       0x26 Tasks/LineFollowerSpeedTask.o
                0x00004dee                StartLineFollower
 .text.StopLineFollower
                0x00004e14       0x16 Tasks/LineFollowerSpeedTask.o
                0x00004e14                StopLineFollower
 .text.WorkerMotion
                0x00004e2a      0x446 Tasks/MotionTaskV.o
 .text.InitMotionTask
                0x00005270       0x4c Tasks/MotionTaskV.o
                0x00005270                InitMotionTask
 .text.DriveStraight
                0x000052bc       0x56 Tasks/MotionTaskV.o
                0x000052bc                DriveStraight
 .text.RotateCenter
                0x00005312       0x56 Tasks/MotionTaskV.o
                0x00005312                RotateCenter
 .text.WorkerMotorPos
                0x00005368      0x28a Tasks/MotorPosTask.o
                0x00005368                WorkerMotorPos
 .text.EnableMotorPosTask
                0x000055f2       0x32 Tasks/MotorPosTask.o
                0x000055f2                EnableMotorPosTask
 .text.DisableMotorPosTask
                0x00005624       0x18 Tasks/MotorPosTask.o
                0x00005624                DisableMotorPosTask
 .text.InitMotorPosTask
                0x0000563c       0x70 Tasks/MotorPosTask.o
                0x0000563c                InitMotorPosTask
 .text.MotorPosIncSet
                0x000056ac       0x38 Tasks/MotorPosTask.o
                0x000056ac                MotorPosIncSet
 .text.WorkerMotorSpeed
                0x000056e4       0x48 Tasks/MotorSpeedTask.o
                0x000056e4                WorkerMotorSpeed
 .text.InitMotorSpeedTask
                0x0000572c       0x60 Tasks/MotorSpeedTask.o
                0x0000572c                InitMotorSpeedTask
 .text.EnableMotorSpeedTask
                0x0000578c       0x18 Tasks/MotorSpeedTask.o
                0x0000578c                EnableMotorSpeedTask
 .text.DisableMotorSpeedTask
                0x000057a4        0xc Tasks/MotorSpeedTask.o
                0x000057a4                DisableMotorSpeedTask
 .text.MotorSpeedSet
                0x000057b0       0x20 Tasks/MotorSpeedTask.o
                0x000057b0                MotorSpeedSet
 .text.enterSleepMode
                0x000057d0       0x56 Tasks/PowerManagement.o
                0x000057d0                enterSleepMode
 .text.WorkerRGB
                0x00005826       0xda Tasks/RGBTask.o
                0x00005826                WorkerRGB
 .text.InitRGBTask
                0x00005900       0x5c Tasks/RGBTask.o
                0x00005900                InitRGBTask
 .text.WorkerStartup
                0x0000595c       0x56 Tasks/StartupTask.o
 .text.InitStartupTask
                0x000059b2       0x28 Tasks/StartupTask.o
                0x000059b2                InitStartupTask
 .text.WorkerTerminal
                0x000059da      0x150 Tasks/TerminalTask.o
 .text.InitTerminalTask
                0x00005b2a       0x28 Tasks/TerminalTask.o
                0x00005b2a                InitTerminalTask
 .text.avr-libc.fplib
                0x00005b52        0xe c:/program files (x86)/atmel/studio/7.0/toolchain/avr8/avr8-gnu-toolchain/bin/../lib/gcc/avr/5.4.0/../../../../avr/lib/avrxmega6\libm.a(addsf3.o)
                0x00005b52                __subsf3
                0x00005b54                __addsf3
 .text.avr-libc.fplib
                0x00005b60       0xcc c:/program files (x86)/atmel/studio/7.0/toolchain/avr8/avr8-gnu-toolchain/bin/../lib/gcc/avr/5.4.0/../../../../avr/lib/avrxmega6\libm.a(addsf3x.o)
                0x00005b82                __addsf3x
 .text.avr-libc.fplib
                0x00005c2c        0xa c:/program files (x86)/atmel/studio/7.0/toolchain/avr8/avr8-gnu-toolchain/bin/../lib/gcc/avr/5.4.0/../../../../avr/lib/avrxmega6\libm.a(cmpsf2.o)
                0x00005c2c                __nesf2
                0x00005c2c                __eqsf2
                0x00005c2c                __cmpsf2
                0x00005c2c                __ltsf2
                0x00005c2c                __lesf2
 .text.avr-libc.fplib
                0x00005c36        0x8 c:/program files (x86)/atmel/studio/7.0/toolchain/avr8/avr8-gnu-toolchain/bin/../lib/gcc/avr/5.4.0/../../../../avr/lib/avrxmega6\libm.a(divsf3.o)
                0x00005c36                __divsf3
 .text.avr-libc.fplib
                0x00005c3e       0xdc c:/program files (x86)/atmel/studio/7.0/toolchain/avr8/avr8-gnu-toolchain/bin/../lib/gcc/avr/5.4.0/../../../../avr/lib/avrxmega6\libm.a(divsf3x.o)
                0x00005c5e                __divsf3x
                0x00005c64                __divsf3_pse
 .text.avr-libc.fplib
                0x00005d1a        0xe c:/program files (x86)/atmel/studio/7.0/toolchain/avr8/avr8-gnu-toolchain/bin/../lib/gcc/avr/5.4.0/../../../../avr/lib/avrxmega6\libm.a(fixsfsi.o)
                0x00005d1a                __fixsfsi
 .text.avr-libc.fplib
                0x00005d28       0x5e c:/program files (x86)/atmel/studio/7.0/toolchain/avr8/avr8-gnu-toolchain/bin/../lib/gcc/avr/5.4.0/../../../../avr/lib/avrxmega6\libm.a(fixunssfsi.o)
                0x00005d28                __fixunssfsi
 .text.avr-libc.fplib
                0x00005d86       0x7a c:/program files (x86)/atmel/studio/7.0/toolchain/avr8/avr8-gnu-toolchain/bin/../lib/gcc/avr/5.4.0/../../../../avr/lib/avrxmega6\libm.a(floatsisf.o)
                0x00005d86                __floatunsisf
                0x00005d8a                __floatsisf
 .text.avr-libc.fplib
                0x00005e00       0x48 c:/program files (x86)/atmel/studio/7.0/toolchain/avr8/avr8-gnu-toolchain/bin/../lib/gcc/avr/5.4.0/../../../../avr/lib/avrxmega6\libm.a(fp_cmp.o)
                0x00005e00                __fp_cmp
 .text.avr-libc.fplib
                0x00005e48        0xc c:/program files (x86)/atmel/studio/7.0/toolchain/avr8/avr8-gnu-toolchain/bin/../lib/gcc/avr/5.4.0/../../../../avr/lib/avrxmega6\libm.a(fp_inf.o)
                0x00005e48                __fp_inf
 .text.avr-libc.fplib
                0x00005e54        0x6 c:/program files (x86)/atmel/studio/7.0/toolchain/avr8/avr8-gnu-toolchain/bin/../lib/gcc/avr/5.4.0/../../../../avr/lib/avrxmega6\libm.a(fp_nan.o)
                0x00005e54                __fp_nan
 .text.avr-libc.fplib
                0x00005e5a        0xe c:/program files (x86)/atmel/studio/7.0/toolchain/avr8/avr8-gnu-toolchain/bin/../lib/gcc/avr/5.4.0/../../../../avr/lib/avrxmega6\libm.a(fp_pscA.o)
                0x00005e5a                __fp_pscA
 .text.avr-libc.fplib
                0x00005e68        0xe c:/program files (x86)/atmel/studio/7.0/toolchain/avr8/avr8-gnu-toolchain/bin/../lib/gcc/avr/5.4.0/../../../../avr/lib/avrxmega6\libm.a(fp_pscB.o)
                0x00005e68                __fp_pscB
 .text.avr-libc.fplib
                0x00005e76       0x22 c:/program files (x86)/atmel/studio/7.0/toolchain/avr8/avr8-gnu-toolchain/bin/../lib/gcc/avr/5.4.0/../../../../avr/lib/avrxmega6\libm.a(fp_round.o)
                0x00005e76                __fp_round
 .text.avr-libc.fplib
                0x00005e98       0x44 c:/program files (x86)/atmel/studio/7.0/toolchain/avr8/avr8-gnu-toolchain/bin/../lib/gcc/avr/5.4.0/../../../../avr/lib/avrxmega6\libm.a(fp_split3.o)
                0x00005e98                __fp_split3
                0x00005ea8                __fp_splitA
 .text.avr-libc.fplib
                0x00005edc        0xe c:/program files (x86)/atmel/studio/7.0/toolchain/avr8/avr8-gnu-toolchain/bin/../lib/gcc/avr/5.4.0/../../../../avr/lib/avrxmega6\libm.a(fp_zero.o)
                0x00005edc                __fp_zero
                0x00005ede                __fp_szero
 .text.avr-libc.fplib
                0x00005eea        0xa c:/program files (x86)/atmel/studio/7.0/toolchain/avr8/avr8-gnu-toolchain/bin/../lib/gcc/avr/5.4.0/../../../../avr/lib/avrxmega6\libm.a(gesf2.o)
                0x00005eea                __gesf2
                0x00005eea                __gtsf2
 .text.avr-libc.fplib
                0x00005ef4        0x8 c:/program files (x86)/atmel/studio/7.0/toolchain/avr8/avr8-gnu-toolchain/bin/../lib/gcc/avr/5.4.0/../../../../avr/lib/avrxmega6\libm.a(mulsf3.o)
                0x00005ef4                __mulsf3
 .text.avr-libc.fplib
                0x00005efc       0xd2 c:/program files (x86)/atmel/studio/7.0/toolchain/avr8/avr8-gnu-toolchain/bin/../lib/gcc/avr/5.4.0/../../../../avr/lib/avrxmega6\libm.a(mulsf3x.o)
                0x00005f1a                __mulsf3x
                0x00005f20                __mulsf3_pse
 .text.avr-libc
                0x00005fce      0x740 c:/program files (x86)/atmel/studio/7.0/toolchain/avr8/avr8-gnu-toolchain/bin/../lib/gcc/avr/5.4.0/../../../../avr/lib/avrxmega6\libprintf_flt.a(vfprintf_flt.o)
                0x00005fce                vfprintf
 .text.libgcc.div
                0x0000670e       0x28 c:/program files (x86)/atmel/studio/7.0/toolchain/avr8/avr8-gnu-toolchain/bin/../lib/gcc/avr/5.4.0/avrxmega6\libgcc.a(_udivmodhi4.o)
                0x0000670e                __udivmodhi4
 .text.libgcc.div
                0x00006736       0x28 c:/program files (x86)/atmel/studio/7.0/toolchain/avr8/avr8-gnu-toolchain/bin/../lib/gcc/avr/5.4.0/avrxmega6\libgcc.a(_divmodhi4.o)
                0x00006736                _div
                0x00006736                __divmodhi4
 .text.libgcc.div
                0x0000675e       0x44 c:/program files (x86)/atmel/studio/7.0/toolchain/avr8/avr8-gnu-toolchain/bin/../lib/gcc/avr/5.4.0/avrxmega6\libgcc.a(_udivmodsi4.o)
                0x0000675e                __udivmodsi4
 .text.libgcc.mul
                0x000067a2       0x1e c:/program files (x86)/atmel/studio/7.0/toolchain/avr8/avr8-gnu-toolchain/bin/../lib/gcc/avr/5.4.0/avrxmega6\libgcc.a(_umulhisi3.o)
                0x000067a2                __umulhisi3
 .text.libgcc.mul
                0x000067c0       0x16 c:/program files (x86)/atmel/studio/7.0/toolchain/avr8/avr8-gnu-toolchain/bin/../lib/gcc/avr/5.4.0/avrxmega6\libgcc.a(_muluhisi3.o)
                0x000067c0                __muluhisi3
 .text.libgcc.mul
                0x000067d6       0x10 c:/program files (x86)/atmel/studio/7.0/toolchain/avr8/avr8-gnu-toolchain/bin/../lib/gcc/avr/5.4.0/avrxmega6\libgcc.a(_mulshisi3.o)
                0x000067d6                __mulshisi3
                0x000067dc                __mulohisi3
 .text.avr-libc
                0x000067e6      0x242 c:/program files (x86)/atmel/studio/7.0/toolchain/avr8/avr8-gnu-toolchain/bin/../lib/gcc/avr/5.4.0/../../../../avr/lib/avrxmega6\libc.a(malloc.o)
                0x000067e6                malloc
                0x00006916                free
 .text.avr-libc
                0x00006a28        0x8 c:/program files (x86)/atmel/studio/7.0/toolchain/avr8/avr8-gnu-toolchain/bin/../lib/gcc/avr/5.4.0/../../../../avr/lib/avrxmega6\libc.a(atof.o)
                0x00006a28                atof
 .text.avr-libc
                0x00006a30      0x1b0 c:/program files (x86)/atmel/studio/7.0/toolchain/avr8/avr8-gnu-toolchain/bin/../lib/gcc/avr/5.4.0/../../../../avr/lib/avrxmega6\libc.a(ftoa_engine.o)
                0x00006a30                __ftoa_engine
 .text.avr-libc
                0x00006be0       0x16 c:/program files (x86)/atmel/studio/7.0/toolchain/avr8/avr8-gnu-toolchain/bin/../lib/gcc/avr/5.4.0/../../../../avr/lib/avrxmega6\libc.a(strnlen_P.o)
                0x00006be0                strnlen_P
 .text.avr-libc
                0x00006bf6        0x8 c:/program files (x86)/atmel/studio/7.0/toolchain/avr8/avr8-gnu-toolchain/bin/../lib/gcc/avr/5.4.0/../../../../avr/lib/avrxmega6\libc.a(strtok.o)
                0x00006bf6                strtok
 .text.avr-libc
                0x00006bfe       0x12 c:/program files (x86)/atmel/studio/7.0/toolchain/avr8/avr8-gnu-toolchain/bin/../lib/gcc/avr/5.4.0/../../../../avr/lib/avrxmega6\libc.a(memcpy.o)
                0x00006bfe                memcpy
 .text.avr-libc
                0x00006c10        0xe c:/program files (x86)/atmel/studio/7.0/toolchain/avr8/avr8-gnu-toolchain/bin/../lib/gcc/avr/5.4.0/../../../../avr/lib/avrxmega6\libc.a(memset.o)
                0x00006c10                memset
 .text.avr-libc
                0x00006c1e        0xe c:/program files (x86)/atmel/studio/7.0/toolchain/avr8/avr8-gnu-toolchain/bin/../lib/gcc/avr/5.4.0/../../../../avr/lib/avrxmega6\libc.a(strcpy.o)
                0x00006c1e                strcpy
 .text.avr-libc
                0x00006c2c       0x16 c:/program files (x86)/atmel/studio/7.0/toolchain/avr8/avr8-gnu-toolchain/bin/../lib/gcc/avr/5.4.0/../../../../avr/lib/avrxmega6\libc.a(strnlen.o)
                0x00006c2c                strnlen
 .text.avr-libc
                0x00006c42       0x34 c:/program files (x86)/atmel/studio/7.0/toolchain/avr8/avr8-gnu-toolchain/bin/../lib/gcc/avr/5.4.0/../../../../avr/lib/avrxmega6\libc.a(strstr.o)
                0x00006c42                strstr
 .text.avr-libc
                0x00006c76       0x4e c:/program files (x86)/atmel/studio/7.0/toolchain/avr8/avr8-gnu-toolchain/bin/../lib/gcc/avr/5.4.0/../../../../avr/lib/avrxmega6\libc.a(strtok_r.o)
                0x00006c76                strtok_r
 .text.avr-libc
                0x00006cc4       0x64 c:/program files (x86)/atmel/studio/7.0/toolchain/avr8/avr8-gnu-toolchain/bin/../lib/gcc/avr/5.4.0/../../../../avr/lib/avrxmega6\libc.a(fgets.o)
                0x00006cc4                fgets
 .text.avr-libc
                0x00006d28       0x78 c:/program files (x86)/atmel/studio/7.0/toolchain/avr8/avr8-gnu-toolchain/bin/../lib/gcc/avr/5.4.0/../../../../avr/lib/avrxmega6\libc.a(fputc.o)
                0x00006d28                fputc
 .text.avr-libc
                0x00006da0       0x28 c:/program files (x86)/atmel/studio/7.0/toolchain/avr8/avr8-gnu-toolchain/bin/../lib/gcc/avr/5.4.0/../../../../avr/lib/avrxmega6\libc.a(printf.o)
                0x00006da0                printf
 .text.avr-libc
                0x00006dc8       0x50 c:/program files (x86)/atmel/studio/7.0/toolchain/avr8/avr8-gnu-toolchain/bin/../lib/gcc/avr/5.4.0/../../../../avr/lib/avrxmega6\libc.a(printf_p.o)
                0x00006dc8                printf_P
 .text.avr-libc
                0x00006e18       0x60 c:/program files (x86)/atmel/studio/7.0/toolchain/avr8/avr8-gnu-toolchain/bin/../lib/gcc/avr/5.4.0/../../../../avr/lib/avrxmega6\libc.a(puts.o)
                0x00006e18                puts
 .text.avr-libc
                0x00006e78       0xbc c:/program files (x86)/atmel/studio/7.0/toolchain/avr8/avr8-gnu-toolchain/bin/../lib/gcc/avr/5.4.0/../../../../avr/lib/avrxmega6\libc.a(ultoa_invert.o)
                0x00006e78                __ultoa_invert
 .text.avr-libc
                0x00006f34      0x2b8 c:/program files (x86)/atmel/studio/7.0/toolchain/avr8/avr8-gnu-toolchain/bin/../lib/gcc/avr/5.4.0/../../../../avr/lib/avrxmega6\libc.a(strtod.o)
                0x00006f34                strtod
 .text.avr-libc
                0x000071ec       0x12 c:/program files (x86)/atmel/studio/7.0/toolchain/avr8/avr8-gnu-toolchain/bin/../lib/gcc/avr/5.4.0/../../../../avr/lib/avrxmega6\libc.a(isspace.o)
                0x000071ec                isspace
 .text.avr-libc
                0x000071fe       0x30 c:/program files (x86)/atmel/studio/7.0/toolchain/avr8/avr8-gnu-toolchain/bin/../lib/gcc/avr/5.4.0/../../../../avr/lib/avrxmega6\libc.a(strncasecmp_P.o)
                0x000071fe                strncasecmp_P
 .text.avr-libc
                0x0000722e       0x7c c:/program files (x86)/atmel/studio/7.0/toolchain/avr8/avr8-gnu-toolchain/bin/../lib/gcc/avr/5.4.0/../../../../avr/lib/avrxmega6\libc.a(fgetc.o)
                0x0000722e                fgetc
 .text.avr-libc
                0x000072aa        0x6 c:/program files (x86)/atmel/studio/7.0/toolchain/avr8/avr8-gnu-toolchain/bin/../lib/gcc/avr/5.4.0/../../../../avr/lib/avrxmega6\libc.a(cty_isfalse.o)
                0x000072aa                __ctype_isfalse
                0x000072ae                __ctype_istrue
                0x000072b0                . = ALIGN (0x2)
 *(.fini9)
 .fini9         0x000072b0        0x0 c:/program files (x86)/atmel/studio/7.0/toolchain/avr8/avr8-gnu-toolchain/bin/../lib/gcc/avr/5.4.0/avrxmega6\libgcc.a(_exit.o)
                0x000072b0                _exit
                0x000072b0                exit
 *(.fini9)
 *(.fini8)
 *(.fini8)
 *(.fini7)
 *(.fini7)
 *(.fini6)
 *(.fini6)
 *(.fini5)
 *(.fini5)
 *(.fini4)
 *(.fini4)
 *(.fini3)
 *(.fini3)
 *(.fini2)
 *(.fini2)
 *(.fini1)
 *(.fini1)
 *(.fini0)
 .fini0         0x000072b0        0x4 c:/program files (x86)/atmel/studio/7.0/toolchain/avr8/avr8-gnu-toolchain/bin/../lib/gcc/avr/5.4.0/avrxmega6\libgcc.a(_exit.o)
 *(.fini0)
                0x000072b4                _etext = .

.data           0x00802000      0x19c load address 0x000072b4
                0x00802000                PROVIDE (__data_start, .)
 *(.data)
 .data          0x00802000        0x6 c:/program files (x86)/atmel/studio/7.0/toolchain/avr8/avr8-gnu-toolchain/bin/../lib/gcc/avr/5.4.0/../../../../avr/lib/avrxmega6\libc.a(malloc.o)
                0x00802000                __malloc_heap_end
                0x00802002                __malloc_heap_start
                0x00802004                __malloc_margin
 *(.data*)
 .data.UsartStdio
                0x00802006        0xe Drivers/DriverUSART.o
 .data.xFreeBytesRemaining
                0x00802014        0x2 FreeRTOS/heap_2.o
 *(.gnu.linkonce.d*)
 *(.rodata)
 *(.rodata*)
 .rodata.str1.1
                0x00802016        0x8 Drivers/DriverCursorstick.o
 .rodata.str1.1
                0x0080201e       0x1f Drivers/Driverpl9823USART.o
 .rodata.str1.1
                0x0080203d       0x18 Drivers/DriverTWIMaster.o
 .rodata.str1.1
                0x00802055       0x37 Drivers/DriverVL53L0x.o
 .rodata.str1.1
                0x0080208c       0x14 FreeRTOS/queue.o
 .rodata.str1.1
                0x008020a0       0x43 FreeRTOS/tasks.o
 .rodata.str1.1
                0x008020e3       0x55 hooks.o
                                 0x58 (size before relaxing)
 .rodata.str1.1
                0x00802138        0x7 Tasks/MotionTaskV.o
 .rodata.str1.1
                0x0080213f        0x7 Tasks/MotorPosTask.o
 .rodata.str1.1
                0x00802146        0x7 Tasks/MotorSpeedTask.o
 .rodata.str1.1
                0x0080214d        0x4 Tasks/RGBTask.o
 .rodata.str1.1
                0x00802151        0x8 Tasks/StartupTask.o
 .rodata.str1.1
                0x00802159       0x43 Tasks/TerminalTask.o
                                 0x45 (size before relaxing)
 *(.gnu.linkonce.r*)
                0x0080219c                . = ALIGN (0x2)
                0x0080219c                _edata = .
                0x0080219c                PROVIDE (__data_end, .)

.bss            0x0080219c      0x563
                0x0080219c                PROVIDE (__bss_start, .)
 *(.bss)
 .bss           0x0080219c        0x2 c:/program files (x86)/atmel/studio/7.0/toolchain/avr8/avr8-gnu-toolchain/bin/../lib/gcc/avr/5.4.0/../../../../avr/lib/avrxmega6\libc.a(strtok.o)
 *(.bss*)
 .bss.LastIntTime.4433
                0x0080219e        0x4 Drivers/DriverCursorstick.o
 .bss.CursorstickQueue
                0x008021a2        0x2 Drivers/DriverCursorstick.o
 .bss.pf.3635   0x008021a4        0x1 Drivers/DriverDbgUSART.o
 .bss.i.3634    0x008021a5        0x2 Drivers/DriverDbgUSART.o
 .bss.i.3624    0x008021a7        0x2 Drivers/DriverDbgUSART.o
 .bss.DriverOLEDInitialized
                0x008021a9        0x1 Drivers/DriverOled.o
 .bss.GlobOrientation
                0x008021aa        0x1 Drivers/DriverOled.o
 .bss.buffer    0x008021ab      0x400 Drivers/DriverOled.o
 .bss.TxIdx     0x008025ab        0x1 Drivers/Driverpl9823USART.o
 .bss.DataBuffer
                0x008025ac       0x4e Drivers/Driverpl9823USART.o
 .bss.ByteIdx   0x008025fa        0x1 Drivers/Driverpl9823USART.o
 .bss.BitIdx    0x008025fb        0x1 Drivers/Driverpl9823USART.o
 .bss.SemaRx    0x008025fc        0x2 Drivers/DriverTWIMaster.o
 .bss.SemaBus   0x008025fe        0x2 Drivers/DriverTWIMaster.o
 .bss.Twim_result
                0x00802600        0x1 Drivers/DriverTWIMaster.o
 .bss.Twim_status
                0x00802601        0x1 Drivers/DriverTWIMaster.o
 .bss.Twim_bytesRead
                0x00802602        0x1 Drivers/DriverTWIMaster.o
 .bss.Twim_bytesWritten
                0x00802603        0x1 Drivers/DriverTWIMaster.o
 .bss.Twim_bytesToRead
                0x00802604        0x1 Drivers/DriverTWIMaster.o
 .bss.Twim_bytesToWrite
                0x00802605        0x1 Drivers/DriverTWIMaster.o
 .bss.Twim_readData
                0x00802606        0x2 Drivers/DriverTWIMaster.o
 .bss.Twim_writeData
                0x00802608        0x2 Drivers/DriverTWIMaster.o
 .bss.Twim_address
                0x0080260a        0x1 Drivers/DriverTWIMaster.o
 .bss.timeout_start_ticks
                0x0080260b        0x4 Drivers/DriverVL53L0x.o
 .bss.stop_variable
                0x0080260f        0x1 Drivers/DriverVL53L0x.o
 .bss.xHeapHasBeenInitialised.4135
                0x00802610        0x1 FreeRTOS/heap_2.o
 .bss.xEnd      0x00802611        0x4 FreeRTOS/heap_2.o
 .bss.xStart    0x00802615        0x4 FreeRTOS/heap_2.o
 .bss.ulTaskSwitchedInTime
                0x00802619        0x4 FreeRTOS/tasks.o
 .bss.uxSchedulerSuspended
                0x0080261d        0x1 FreeRTOS/tasks.o
 .bss.xIdleTaskHandle
                0x0080261e        0x2 FreeRTOS/tasks.o
 .bss.xNextTaskUnblockTime
                0x00802620        0x2 FreeRTOS/tasks.o
 .bss.uxTaskNumber
                0x00802622        0x1 FreeRTOS/tasks.o
 .bss.xNumOfOverflows
                0x00802623        0x1 FreeRTOS/tasks.o
 .bss.xYieldPending
                0x00802624        0x1 FreeRTOS/tasks.o
 .bss.uxPendedTicks
                0x00802625        0x1 FreeRTOS/tasks.o
 .bss.xSchedulerRunning
                0x00802626        0x1 FreeRTOS/tasks.o
 .bss.uxTopReadyPriority
                0x00802627        0x1 FreeRTOS/tasks.o
 .bss.xTickCount
                0x00802628        0x2 FreeRTOS/tasks.o
 .bss.uxCurrentNumberOfTasks
                0x0080262a        0x1 FreeRTOS/tasks.o
 .bss.xSuspendedTaskList
                0x0080262b        0x9 FreeRTOS/tasks.o
 .bss.uxDeletedTasksWaitingCleanUp
                0x00802634        0x1 FreeRTOS/tasks.o
 .bss.xTasksWaitingTermination
                0x00802635        0x9 FreeRTOS/tasks.o
 .bss.xPendingReadyList
                0x0080263e        0x9 FreeRTOS/tasks.o
 .bss.pxOverflowDelayedTaskList
                0x00802647        0x2 FreeRTOS/tasks.o
 .bss.pxDelayedTaskList
                0x00802649        0x2 FreeRTOS/tasks.o
 .bss.xDelayedTaskList2
                0x0080264b        0x9 FreeRTOS/tasks.o
 .bss.xDelayedTaskList1
                0x00802654        0x9 FreeRTOS/tasks.o
 .bss.pxReadyTasksLists
                0x0080265d       0x5a FreeRTOS/tasks.o
 .bss.pxCurrentTCB
                0x008026b7        0x2 FreeRTOS/tasks.o
                0x008026b7                pxCurrentTCB
 .bss.StopSema  0x008026b9        0x2 Tasks/LineFollowerSpeedTask.o
 .bss.StartSema
                0x008026bb        0x2 Tasks/LineFollowerSpeedTask.o
 .bss.ReqSpeed  0x008026bd        0x4 Tasks/LineFollowerSpeedTask.o
 .bss.CmdCompleteSema
                0x008026c1        0x2 Tasks/MotionTaskV.o
 .bss.CmdQueue  0x008026c3        0x2 Tasks/MotionTaskV.o
 .bss.xLastWakeTime
                0x008026c5        0x2 Tasks/MotorPosTask.o
 .bss.MotorPosTaskHandle
                0x008026c7        0x2 Tasks/MotorPosTask.o
 .bss.IncSetQueue
                0x008026c9        0x2 Tasks/MotorPosTask.o
 .bss.ResetSetpointSema
                0x008026cb        0x2 Tasks/MotorPosTask.o
 .bss.xLastWakeTime
                0x008026cd        0x2 Tasks/MotorSpeedTask.o
 .bss.MotorSpeedTaskHandle
                0x008026cf        0x2 Tasks/MotorSpeedTask.o
 .bss.MotorSpeedQueue
                0x008026d1        0x2 Tasks/MotorSpeedTask.o
 .bss.MotorSpeed
                0x008026d3        0x4 Tasks/MotorSpeedTask.o
 *(COMMON)
 COMMON         0x008026d7        0x4 Drivers/DriverAdc.o
                0x008026d7                ConversionCompleteSema
                0x008026d9                AdcBusySema
 COMMON         0x008026db        0x6 Drivers/DriverMotor.o
                0x008026db                Cnt1
                0x008026dd                Cnt2
                0x008026df                EncoderEventQueue
 COMMON         0x008026e1        0x4 Drivers/DriverUSART.o
                0x008026e1                UsartRxQueue
                0x008026e3                UsartTxQueue
 COMMON         0x008026e5        0x4 Drivers/DriverVL53L0x.o
                0x008026e5                measurement_timing_budget_us
 COMMON         0x008026e9        0x4 FreeRTOS/port.o
                0x008026e9                StatsTimer
 COMMON         0x008026ed        0x2 main.o
                0x008026ed                ucHeap
 COMMON         0x008026ef        0x2 Tasks/ADCTask.o
                0x008026ef                ADCQueue
 COMMON         0x008026f1        0x2 Tasks/RGBTask.o
                0x008026f1                EffectQueue
 COMMON         0x008026f3        0x4 c:/program files (x86)/atmel/studio/7.0/toolchain/avr8/avr8-gnu-toolchain/bin/../lib/gcc/avr/5.4.0/../../../../avr/lib/avrxmega6\libc.a(malloc.o)
                0x008026f3                __brkval
                0x008026f5                __flp
 COMMON         0x008026f7        0x6 c:/program files (x86)/atmel/studio/7.0/toolchain/avr8/avr8-gnu-toolchain/bin/../lib/gcc/avr/5.4.0/../../../../avr/lib/avrxmega6\libc.a(iob.o)
                0x008026f7                __iob
 COMMON         0x008026fd        0x2 c:/program files (x86)/atmel/studio/7.0/toolchain/avr8/avr8-gnu-toolchain/bin/../lib/gcc/avr/5.4.0/../../../../avr/lib/avrxmega6\libc.a(errno.o)
                0x008026fd                errno
                0x008026ff                PROVIDE (__bss_end, .)
                0x000072b4                __data_load_start = LOADADDR (.data)
                0x00007450                __data_load_end = (__data_load_start + SIZEOF (.data))

.noinit         0x008026ff        0x0
                [!provide]                PROVIDE (__noinit_start, .)
 *(.noinit*)
                [!provide]                PROVIDE (__noinit_end, .)
                0x008026ff                _end = .
                0x008026ff                PROVIDE (__heap_start, .)

.eeprom         0x00810000        0x0
 *(.eeprom*)
                0x00810000                __eeprom_end = .

.fuse
 *(.fuse)
 *(.lfuse)
 *(.hfuse)
 *(.efuse)

.lock
 *(.lock*)

.signature
 *(.signature*)

.user_signatures
 *(.user_signatures*)

.stab
 *(.stab)

.stabstr
 *(.stabstr)

.stab.excl
 *(.stab.excl)

.stab.exclstr
 *(.stab.exclstr)

.stab.index
 *(.stab.index)

.stab.indexstr
 *(.stab.indexstr)

.comment        0x00000000       0x5c
 *(.comment)
 .comment       0x00000000       0x30 Drivers/DriverAdc.o
                                 0x31 (size before relaxing)
 .comment       0x00000030       0x31 Drivers/DriverCursorstick.o
 .comment       0x00000030       0x31 Drivers/DriverDbgUSART.o
 .comment       0x00000030       0x31 Drivers/DriverMotor.o
 .comment       0x00000030       0x31 Drivers/DriverOled.o
 .comment       0x00000030       0x31 Drivers/Driverpl9823USART.o
 .comment       0x00000030       0x31 Drivers/DriverPower.o
 .comment       0x00000030       0x31 Drivers/DriverSysClk.o
 .comment       0x00000030       0x31 Drivers/DriverTWIMaster.o
 .comment       0x00000030       0x31 Drivers/DriverUSART.o
 .comment       0x00000030       0x31 Drivers/DriverVL53L0x.o
 .comment       0x00000030       0x31 FreeRTOS/heap_2.o
 .comment       0x00000030       0x31 FreeRTOS/list.o
 .comment       0x00000030       0x31 FreeRTOS/port.o
 .comment       0x00000030       0x31 FreeRTOS/queue.o
 .comment       0x00000030       0x31 FreeRTOS/tasks.o
 .comment       0x00000030       0x31 hooks.o
 .comment       0x00000030       0x31 main.o
 .comment       0x00000030       0x31 Tasks/ADCTask.o
 .comment       0x00000030       0x31 Tasks/LineFollowerSpeedTask.o
 .comment       0x00000030       0x31 Tasks/MotionTaskV.o
 .comment       0x00000030       0x31 Tasks/MotorPosTask.o
 .comment       0x00000030       0x31 Tasks/MotorSpeedTask.o
 .comment       0x00000030       0x31 Tasks/PowerManagement.o
 .comment       0x00000030       0x31 Tasks/RGBTask.o
 .comment       0x00000030       0x31 Tasks/StartupTask.o
 .comment       0x00000030       0x31 Tasks/TerminalTask.o
 .comment       0x00000030       0x2c c:/program files (x86)/atmel/studio/7.0/toolchain/avr8/avr8-gnu-toolchain/bin/../lib/gcc/avr/5.4.0/../../../../avr/lib/avrxmega6\libprintf_flt.a(vfprintf_flt.o)
                                 0x2d (size before relaxing)
 .comment       0x0000005c       0x31 c:/program files (x86)/atmel/studio/7.0/toolchain/avr8/avr8-gnu-toolchain/bin/../lib/gcc/avr/5.4.0/../../../../avr/lib/avrxmega6\libc.a(malloc.o)
 .comment       0x0000005c       0x31 c:/program files (x86)/atmel/studio/7.0/toolchain/avr8/avr8-gnu-toolchain/bin/../lib/gcc/avr/5.4.0/../../../../avr/lib/avrxmega6\libc.a(strtok.o)
 .comment       0x0000005c       0x31 c:/program files (x86)/atmel/studio/7.0/toolchain/avr8/avr8-gnu-toolchain/bin/../lib/gcc/avr/5.4.0/../../../../avr/lib/avrxmega6\libc.a(fgets.o)
 .comment       0x0000005c       0x31 c:/program files (x86)/atmel/studio/7.0/toolchain/avr8/avr8-gnu-toolchain/bin/../lib/gcc/avr/5.4.0/../../../../avr/lib/avrxmega6\libc.a(fputc.o)
 .comment       0x0000005c       0x31 c:/program files (x86)/atmel/studio/7.0/toolchain/avr8/avr8-gnu-toolchain/bin/../lib/gcc/avr/5.4.0/../../../../avr/lib/avrxmega6\libc.a(iob.o)
 .comment       0x0000005c       0x31 c:/program files (x86)/atmel/studio/7.0/toolchain/avr8/avr8-gnu-toolchain/bin/../lib/gcc/avr/5.4.0/../../../../avr/lib/avrxmega6\libc.a(printf.o)
 .comment       0x0000005c       0x31 c:/program files (x86)/atmel/studio/7.0/toolchain/avr8/avr8-gnu-toolchain/bin/../lib/gcc/avr/5.4.0/../../../../avr/lib/avrxmega6\libc.a(printf_p.o)
 .comment       0x0000005c       0x31 c:/program files (x86)/atmel/studio/7.0/toolchain/avr8/avr8-gnu-toolchain/bin/../lib/gcc/avr/5.4.0/../../../../avr/lib/avrxmega6\libc.a(puts.o)
 .comment       0x0000005c       0x31 c:/program files (x86)/atmel/studio/7.0/toolchain/avr8/avr8-gnu-toolchain/bin/../lib/gcc/avr/5.4.0/../../../../avr/lib/avrxmega6\libc.a(strtod.o)
 .comment       0x0000005c       0x31 c:/program files (x86)/atmel/studio/7.0/toolchain/avr8/avr8-gnu-toolchain/bin/../lib/gcc/avr/5.4.0/../../../../avr/lib/avrxmega6\libc.a(fgetc.o)
 .comment       0x0000005c       0x2d c:/program files (x86)/atmel/studio/7.0/toolchain/avr8/avr8-gnu-toolchain/bin/../lib/gcc/avr/5.4.0/../../../../avr/lib/avrxmega6\libc.a(errno.o)

.note.gnu.avr.deviceinfo
                0x00000000       0x40
 .note.gnu.avr.deviceinfo
                0x00000000       0x40 C:/Program Files (x86)/Atmel/Studio/7.0/Packs/atmel/XMEGAC_DFP/1.1.50/gcc/dev/atxmega384c3/avrxmega6/crtatxmega384c3.o

.note.gnu.build-id
 *(.note.gnu.build-id)

.debug
 *(.debug)

.line
 *(.line)

.debug_srcinfo
 *(.debug_srcinfo)

.debug_sfnames
 *(.debug_sfnames)

.debug_aranges  0x00000000      0x9a8
 *(.debug_aranges)
 .debug_aranges
                0x00000000       0x30 Drivers/DriverAdc.o
 .debug_aranges
                0x00000030       0x38 Drivers/DriverCursorstick.o
 .debug_aranges
                0x00000068       0x30 Drivers/DriverDbgUSART.o
 .debug_aranges
                0x00000098       0x60 Drivers/DriverMotor.o
 .debug_aranges
                0x000000f8      0x100 Drivers/DriverOled.o
 .debug_aranges
                0x000001f8       0x70 Drivers/Driverpl9823USART.o
 .debug_aranges
                0x00000268       0x28 Drivers/DriverPower.o
 .debug_aranges
                0x00000290       0x20 Drivers/DriverSysClk.o
 .debug_aranges
                0x000002b0       0x60 Drivers/DriverTWIMaster.o
 .debug_aranges
                0x00000310       0x40 Drivers/DriverUSART.o
 .debug_aranges
                0x00000350       0xa8 Drivers/DriverVL53L0x.o
 .debug_aranges
                0x000003f8       0x38 FreeRTOS/heap_2.o
 .debug_aranges
                0x00000430       0x40 FreeRTOS/list.o
 .debug_aranges
                0x00000470       0x50 FreeRTOS/port.o
 .debug_aranges
                0x000004c0       0xf0 FreeRTOS/queue.o
 .debug_aranges
                0x000005b0      0x1d0 FreeRTOS/tasks.o
 .debug_aranges
                0x00000780       0x38 hooks.o
 .debug_aranges
                0x000007b8       0x20 main.o
 .debug_aranges
                0x000007d8       0x30 Tasks/ADCTask.o
 .debug_aranges
                0x00000808       0x38 Tasks/LineFollowerSpeedTask.o
 .debug_aranges
                0x00000840       0x40 Tasks/MotionTaskV.o
 .debug_aranges
                0x00000880       0x40 Tasks/MotorPosTask.o
 .debug_aranges
                0x000008c0       0x40 Tasks/MotorSpeedTask.o
 .debug_aranges
                0x00000900       0x28 Tasks/PowerManagement.o
 .debug_aranges
                0x00000928       0x30 Tasks/RGBTask.o
 .debug_aranges
                0x00000958       0x28 Tasks/StartupTask.o
 .debug_aranges
                0x00000980       0x28 Tasks/TerminalTask.o

.debug_pubnames
 *(.debug_pubnames)

.debug_info     0x00000000    0x176cc
 *(.debug_info .gnu.linkonce.wi.*)
 .debug_info    0x00000000     0x2a76 C:/Program Files (x86)/Atmel/Studio/7.0/Packs/atmel/XMEGAC_DFP/1.1.50/gcc/dev/atxmega384c3/avrxmega6/crtatxmega384c3.o
 .debug_info    0x00002a76      0x5e3 Drivers/DriverAdc.o
 .debug_info    0x00003059      0xb4d Drivers/DriverCursorstick.o
 .debug_info    0x00003ba6      0x234 Drivers/DriverDbgUSART.o
 .debug_info    0x00003dda      0xd71 Drivers/DriverMotor.o
 .debug_info    0x00004b4b     0x1f0f Drivers/DriverOled.o
 .debug_info    0x00006a5a      0x86f Drivers/Driverpl9823USART.o
 .debug_info    0x000072c9      0x241 Drivers/DriverPower.o
 .debug_info    0x0000750a      0x1a9 Drivers/DriverSysClk.o
 .debug_info    0x000076b3      0xa95 Drivers/DriverTWIMaster.o
 .debug_info    0x00008148      0x6a5 Drivers/DriverUSART.o
 .debug_info    0x000087ed     0x5748 Drivers/DriverVL53L0x.o
 .debug_info    0x0000df35      0x34b FreeRTOS/heap_2.o
 .debug_info    0x0000e280      0x2d8 FreeRTOS/list.o
 .debug_info    0x0000e558      0x838 FreeRTOS/port.o
 .debug_info    0x0000ed90     0x1f0e FreeRTOS/queue.o
 .debug_info    0x00010c9e     0x358d FreeRTOS/tasks.o
 .debug_info    0x0001422b      0x59f hooks.o
 .debug_info    0x000147ca      0x242 main.o
 .debug_info    0x00014a0c      0x385 Tasks/ADCTask.o
 .debug_info    0x00014d91      0x43c Tasks/LineFollowerSpeedTask.o
 .debug_info    0x000151cd      0x97b Tasks/MotionTaskV.o
 .debug_info    0x00015b48      0x56d Tasks/MotorPosTask.o
 .debug_info    0x000160b5      0x42c Tasks/MotorSpeedTask.o
 .debug_info    0x000164e1      0x3d1 Tasks/PowerManagement.o
 .debug_info    0x000168b2      0x317 Tasks/RGBTask.o
 .debug_info    0x00016bc9      0x46c Tasks/StartupTask.o
 .debug_info    0x00017035      0x697 Tasks/TerminalTask.o

.debug_abbrev   0x00000000     0x5c8e
 *(.debug_abbrev)
 .debug_abbrev  0x00000000     0x2836 C:/Program Files (x86)/Atmel/Studio/7.0/Packs/atmel/XMEGAC_DFP/1.1.50/gcc/dev/atxmega384c3/avrxmega6/crtatxmega384c3.o
 .debug_abbrev  0x00002836      0x1b2 Drivers/DriverAdc.o
 .debug_abbrev  0x000029e8      0x209 Drivers/DriverCursorstick.o
 .debug_abbrev  0x00002bf1      0x14c Drivers/DriverDbgUSART.o
 .debug_abbrev  0x00002d3d      0x253 Drivers/DriverMotor.o
 .debug_abbrev  0x00002f90      0x326 Drivers/DriverOled.o
 .debug_abbrev  0x000032b6      0x275 Drivers/Driverpl9823USART.o
 .debug_abbrev  0x0000352b       0xb9 Drivers/DriverPower.o
 .debug_abbrev  0x000035e4       0x94 Drivers/DriverSysClk.o
 .debug_abbrev  0x00003678      0x265 Drivers/DriverTWIMaster.o
 .debug_abbrev  0x000038dd      0x25d Drivers/DriverUSART.o
 .debug_abbrev  0x00003b3a      0x4c2 Drivers/DriverVL53L0x.o
 .debug_abbrev  0x00003ffc      0x1db FreeRTOS/heap_2.o
 .debug_abbrev  0x000041d7       0xff FreeRTOS/list.o
 .debug_abbrev  0x000042d6      0x1d3 FreeRTOS/port.o
 .debug_abbrev  0x000044a9      0x2fb FreeRTOS/queue.o
 .debug_abbrev  0x000047a4      0x4ac FreeRTOS/tasks.o
 .debug_abbrev  0x00004c50      0x189 hooks.o
 .debug_abbrev  0x00004dd9       0xe9 main.o
 .debug_abbrev  0x00004ec2      0x159 Tasks/ADCTask.o
 .debug_abbrev  0x0000501b      0x186 Tasks/LineFollowerSpeedTask.o
 .debug_abbrev  0x000051a1      0x1c8 Tasks/MotionTaskV.o
 .debug_abbrev  0x00005369      0x16f Tasks/MotorPosTask.o
 .debug_abbrev  0x000054d8      0x1d5 Tasks/MotorSpeedTask.o
 .debug_abbrev  0x000056ad      0x10e Tasks/PowerManagement.o
 .debug_abbrev  0x000057bb      0x166 Tasks/RGBTask.o
 .debug_abbrev  0x00005921      0x130 Tasks/StartupTask.o
 .debug_abbrev  0x00005a51      0x23d Tasks/TerminalTask.o

.debug_line     0x00000000     0x82fd
 *(.debug_line .debug_line.* .debug_line_end)
 .debug_line    0x00000000      0x39d C:/Program Files (x86)/Atmel/Studio/7.0/Packs/atmel/XMEGAC_DFP/1.1.50/gcc/dev/atxmega384c3/avrxmega6/crtatxmega384c3.o
 .debug_line    0x0000039d      0x22b Drivers/DriverAdc.o
 .debug_line    0x000005c8      0x290 Drivers/DriverCursorstick.o
 .debug_line    0x00000858      0x205 Drivers/DriverDbgUSART.o
 .debug_line    0x00000a5d      0x4cf Drivers/DriverMotor.o
 .debug_line    0x00000f2c      0xba2 Drivers/DriverOled.o
 .debug_line    0x00001ace      0x4ef Drivers/Driverpl9823USART.o
 .debug_line    0x00001fbd      0x12e Drivers/DriverPower.o
 .debug_line    0x000020eb      0x145 Drivers/DriverSysClk.o
 .debug_line    0x00002230      0x443 Drivers/DriverTWIMaster.o
 .debug_line    0x00002673      0x241 Drivers/DriverUSART.o
 .debug_line    0x000028b4     0x121b Drivers/DriverVL53L0x.o
 .debug_line    0x00003acf      0x2a7 FreeRTOS/heap_2.o
 .debug_line    0x00003d76      0x1d6 FreeRTOS/list.o
 .debug_line    0x00003f4c      0x342 FreeRTOS/port.o
 .debug_line    0x0000428e      0xf9e FreeRTOS/queue.o
 .debug_line    0x0000522c     0x1953 FreeRTOS/tasks.o
 .debug_line    0x00006b7f      0x2c4 hooks.o
 .debug_line    0x00006e43      0x1f4 main.o
 .debug_line    0x00007037      0x194 Tasks/ADCTask.o
 .debug_line    0x000071cb      0x1b7 Tasks/LineFollowerSpeedTask.o
 .debug_line    0x00007382      0x382 Tasks/MotionTaskV.o
 .debug_line    0x00007704      0x27f Tasks/MotorPosTask.o
 .debug_line    0x00007983      0x1a3 Tasks/MotorSpeedTask.o
 .debug_line    0x00007b26      0x19a Tasks/PowerManagement.o
 .debug_line    0x00007cc0      0x1a5 Tasks/RGBTask.o
 .debug_line    0x00007e65      0x2a5 Tasks/StartupTask.o
 .debug_line    0x0000810a      0x1f3 Tasks/TerminalTask.o

.debug_frame    0x00000000     0x22c8
 *(.debug_frame)
 .debug_frame   0x00000000       0xa8 Drivers/DriverAdc.o
 .debug_frame   0x000000a8       0xd8 Drivers/DriverCursorstick.o
 .debug_frame   0x00000180       0x6c Drivers/DriverDbgUSART.o
 .debug_frame   0x000001ec      0x224 Drivers/DriverMotor.o
 .debug_frame   0x00000410      0x504 Drivers/DriverOled.o
 .debug_frame   0x00000914      0x138 Drivers/Driverpl9823USART.o
 .debug_frame   0x00000a4c       0x34 Drivers/DriverPower.o
 .debug_frame   0x00000a80       0x24 Drivers/DriverSysClk.o
 .debug_frame   0x00000aa4      0x14c Drivers/DriverTWIMaster.o
 .debug_frame   0x00000bf0      0x134 Drivers/DriverUSART.o
 .debug_frame   0x00000d24      0x3cc Drivers/DriverVL53L0x.o
 .debug_frame   0x000010f0       0x74 FreeRTOS/heap_2.o
 .debug_frame   0x00001164       0x88 FreeRTOS/list.o
 .debug_frame   0x000011ec       0x94 FreeRTOS/port.o
 .debug_frame   0x00001280      0x3f8 FreeRTOS/queue.o
 .debug_frame   0x00001678      0x7bc FreeRTOS/tasks.o
 .debug_frame   0x00001e34       0x54 hooks.o
 .debug_frame   0x00001e88       0x24 main.o
 .debug_frame   0x00001eac       0x74 Tasks/ADCTask.o
 .debug_frame   0x00001f20       0x74 Tasks/LineFollowerSpeedTask.o
 .debug_frame   0x00001f94       0xb4 Tasks/MotionTaskV.o
 .debug_frame   0x00002048       0x94 Tasks/MotorPosTask.o
 .debug_frame   0x000020dc       0x84 Tasks/MotorSpeedTask.o
 .debug_frame   0x00002160       0x48 Tasks/PowerManagement.o
 .debug_frame   0x000021a8       0x84 Tasks/RGBTask.o
 .debug_frame   0x0000222c       0x44 Tasks/StartupTask.o
 .debug_frame   0x00002270       0x58 Tasks/TerminalTask.o

.debug_str      0x00000000     0x5604
 *(.debug_str)
 .debug_str     0x00000000     0x1be5 C:/Program Files (x86)/Atmel/Studio/7.0/Packs/atmel/XMEGAC_DFP/1.1.50/gcc/dev/atxmega384c3/avrxmega6/crtatxmega384c3.o
 .debug_str     0x00001be5      0x402 Drivers/DriverAdc.o
                                0x489 (size before relaxing)
 .debug_str     0x00001fe7      0x3e0 Drivers/DriverCursorstick.o
                                0x713 (size before relaxing)
 .debug_str     0x000023c7       0x77 Drivers/DriverDbgUSART.o
                                0x214 (size before relaxing)
 .debug_str     0x0000243e      0x187 Drivers/DriverMotor.o
                                0x730 (size before relaxing)
 .debug_str     0x000025c5      0x311 Drivers/DriverOled.o
                                0x4a4 (size before relaxing)
 .debug_str     0x000028d6      0x137 Drivers/Driverpl9823USART.o
                                0x3d5 (size before relaxing)
 .debug_str     0x00002a0d       0x29 Drivers/DriverPower.o
                                0x27a (size before relaxing)
 .debug_str     0x00002a36       0x9e Drivers/DriverSysClk.o
                                0x226 (size before relaxing)
 .debug_str     0x00002ad4      0x3a6 Drivers/DriverTWIMaster.o
                                0x723 (size before relaxing)
 .debug_str     0x00002e7a       0xcc Drivers/DriverUSART.o
                                0x40d (size before relaxing)
 .debug_str     0x00002f46      0xbf0 Drivers/DriverVL53L0x.o
                               0x10f6 (size before relaxing)
 .debug_str     0x00003b36      0x197 FreeRTOS/heap_2.o
                                0x310 (size before relaxing)
 .debug_str     0x00003ccd      0x125 FreeRTOS/list.o
                                0x2b3 (size before relaxing)
 .debug_str     0x00003df2      0x102 FreeRTOS/port.o
                                0x579 (size before relaxing)
 .debug_str     0x00003ef4      0x5f6 FreeRTOS/queue.o
                                0x982 (size before relaxing)
 .debug_str     0x000044ea      0xbc5 FreeRTOS/tasks.o
                               0x13f6 (size before relaxing)
 .debug_str     0x000050af       0x21 hooks.o
                                0x34c (size before relaxing)
 .debug_str     0x000050d0       0x28 main.o
                                0x2ac (size before relaxing)
 .debug_str     0x000050f8       0x88 Tasks/ADCTask.o
                                0x2c1 (size before relaxing)
 .debug_str     0x00005180       0xbc Tasks/LineFollowerSpeedTask.o
                                0x356 (size before relaxing)
 .debug_str     0x0000523c      0x10d Tasks/MotionTaskV.o
                                0x45b (size before relaxing)
 .debug_str     0x00005349       0xa9 Tasks/MotorPosTask.o
                                0x3f3 (size before relaxing)
 .debug_str     0x000053f2       0x82 Tasks/MotorSpeedTask.o
                                0x347 (size before relaxing)
 .debug_str     0x00005474       0xb4 Tasks/PowerManagement.o
                                0x3cf (size before relaxing)
 .debug_str     0x00005528       0x43 Tasks/RGBTask.o
                                0x273 (size before relaxing)
 .debug_str     0x0000556b       0x36 Tasks/StartupTask.o
                                0x3a7 (size before relaxing)
 .debug_str     0x000055a1       0x63 Tasks/TerminalTask.o
                                0x29d (size before relaxing)

.debug_loc      0x00000000     0xf6ac
 *(.debug_loc)
 .debug_loc     0x00000000      0x202 Drivers/DriverAdc.o
 .debug_loc     0x00000202      0x252 Drivers/DriverCursorstick.o
 .debug_loc     0x00000454      0x19a Drivers/DriverDbgUSART.o
 .debug_loc     0x000005ee      0x7b6 Drivers/DriverMotor.o
 .debug_loc     0x00000da4     0x28b1 Drivers/DriverOled.o
 .debug_loc     0x00003655      0x51f Drivers/Driverpl9823USART.o
 .debug_loc     0x00003b74       0x3a Drivers/DriverPower.o
 .debug_loc     0x00003bae      0x56e Drivers/DriverTWIMaster.o
 .debug_loc     0x0000411c      0x31a Drivers/DriverUSART.o
 .debug_loc     0x00004436     0x2f2a Drivers/DriverVL53L0x.o
 .debug_loc     0x00007360      0x308 FreeRTOS/heap_2.o
 .debug_loc     0x00007668      0x151 FreeRTOS/list.o
 .debug_loc     0x000077b9      0x28d FreeRTOS/port.o
 .debug_loc     0x00007a46     0x2be0 FreeRTOS/queue.o
 .debug_loc     0x0000a626     0x3d34 FreeRTOS/tasks.o
 .debug_loc     0x0000e35a      0x176 hooks.o
 .debug_loc     0x0000e4d0       0xf0 Tasks/ADCTask.o
 .debug_loc     0x0000e5c0      0x18c Tasks/LineFollowerSpeedTask.o
 .debug_loc     0x0000e74c      0x51a Tasks/MotionTaskV.o
 .debug_loc     0x0000ec66      0x312 Tasks/MotorPosTask.o
 .debug_loc     0x0000ef78      0x114 Tasks/MotorSpeedTask.o
 .debug_loc     0x0000f08c       0x49 Tasks/PowerManagement.o
 .debug_loc     0x0000f0d5      0x387 Tasks/RGBTask.o
 .debug_loc     0x0000f45c       0x62 Tasks/StartupTask.o
 .debug_loc     0x0000f4be      0x1ee Tasks/TerminalTask.o

.debug_macinfo
 *(.debug_macinfo)

.debug_weaknames
 *(.debug_weaknames)

.debug_funcnames
 *(.debug_funcnames)

.debug_typenames
 *(.debug_typenames)

.debug_varnames
 *(.debug_varnames)

.debug_pubtypes
 *(.debug_pubtypes)

.debug_ranges   0x00000000      0xd90
 *(.debug_ranges)
 .debug_ranges  0x00000000       0x20 Drivers/DriverAdc.o
 .debug_ranges  0x00000020       0x28 Drivers/DriverCursorstick.o
 .debug_ranges  0x00000048       0x20 Drivers/DriverDbgUSART.o
 .debug_ranges  0x00000068       0x50 Drivers/DriverMotor.o
 .debug_ranges  0x000000b8      0x1c8 Drivers/DriverOled.o
 .debug_ranges  0x00000280       0x90 Drivers/Driverpl9823USART.o
 .debug_ranges  0x00000310       0x18 Drivers/DriverPower.o
 .debug_ranges  0x00000328       0x10 Drivers/DriverSysClk.o
 .debug_ranges  0x00000338       0x68 Drivers/DriverTWIMaster.o
 .debug_ranges  0x000003a0       0x30 Drivers/DriverUSART.o
 .debug_ranges  0x000003d0      0x130 Drivers/DriverVL53L0x.o
 .debug_ranges  0x00000500       0x28 FreeRTOS/heap_2.o
 .debug_ranges  0x00000528       0x30 FreeRTOS/list.o
 .debug_ranges  0x00000558       0x40 FreeRTOS/port.o
 .debug_ranges  0x00000598      0x1f8 FreeRTOS/queue.o
 .debug_ranges  0x00000790      0x420 FreeRTOS/tasks.o
 .debug_ranges  0x00000bb0       0x28 hooks.o
 .debug_ranges  0x00000bd8       0x10 main.o
 .debug_ranges  0x00000be8       0x20 Tasks/ADCTask.o
 .debug_ranges  0x00000c08       0x28 Tasks/LineFollowerSpeedTask.o
 .debug_ranges  0x00000c30       0x68 Tasks/MotionTaskV.o
 .debug_ranges  0x00000c98       0x30 Tasks/MotorPosTask.o
 .debug_ranges  0x00000cc8       0x48 Tasks/MotorSpeedTask.o
 .debug_ranges  0x00000d10       0x18 Tasks/PowerManagement.o
 .debug_ranges  0x00000d28       0x20 Tasks/RGBTask.o
 .debug_ranges  0x00000d48       0x18 Tasks/StartupTask.o
 .debug_ranges  0x00000d60       0x30 Tasks/TerminalTask.o

.debug_macro
 *(.debug_macro)
OUTPUT(LinebotFinal.elf elf32-avr)
LOAD linker stubs
